// Jest Snapshot v1, https://goo.gl/fbAQLP

exports[`App component renders magnificent monkeys 1`] = `
<div>
  <div>
    <h1>
      Magnificent Monkeys
    </h1>
    <button>
      Change title
    </button>
  </div>
</div>
`;
